==================================================
Test 1: Simple Conditional
==================================================
Structures: [{'name': 'x', 'type': 'variable', 'data': 10}, {'name': 'y', 'type': 'variable', 'data': 5}, {'name': 'result', 'type': 'variable', 'data': 'x is greater'}]
Expected: x=10, y=5, result='x is greater'

==================================================
Test 2: Built-in Functions
==================================================
Structures: [{'name': 'nums', 'type': 'array', 'data': [1, 5, 3, 9, 2]}, {'name': 'length', 'type': 'variable', 'data': 5}, {'name': 'maximum', 'type': 'variable', 'data': 9}, {'name': 'total', 'type': 'variable', 'data': 20}]
Expected: nums=[1,5,3,9,2], length=5, maximum=9, total=20

==================================================
Test 3: FizzBuzz
==================================================
Structures: [{'name': 'result', 'type': 'array', 'data': []}, {'name': 'range_i', 'type': 'array', 'data': [1, 2, 3, 4, 5]}, {'name': 'i', 'type': 'variable', 'data': '?'}]
Has Loop: True
Expected: result=[] (loop not executed in parse), hasLoop=True

==================================================
Test 4: String Operations
==================================================
Structures: [{'name': 's', 'type': 'variable', 'data': 'hello world'}, {'name': 'words', 'type': 'array', 'data': ['hello', 'world']}, {'name': 'upper_s', 'type': 'variable', 'data': 'HELLO WORLD'}]
Expected: s='hello world', words=['hello', 'world'], upper_s='HELLO WORLD'

==================================================
Test 5: Nested Conditionals
==================================================
Structures: [{'name': 'score', 'type': 'variable', 'data': 85}, {'name': 'grade', 'type': 'variable', 'data': 'B'}]
Expected: score=85, grade='B'

==================================================
Test 6: Boolean Operators
==================================================
Structures: [{'name': 'x', 'type': 'variable', 'data': 5}, {'name': 'y', 'type': 'variable', 'data': 10}, {'name': 'z', 'type': 'variable', 'data': 15}, {'name': 'result1', 'type': 'variable', 'data': True}, {'name': 'result2', 'type': 'variable', 'data': True}, {'name': 'result3', 'type': 'variable', 'data': True}]
Expected: x=5, y=10, z=15, result1=True, result2=True, result3=True

